// Jest Snapshot v1, https://goo.gl/fbAQLP

exports[`Layout renders correctly 1`] = `
Array [
  <div
    className="header"
  >
    <div
      className="overlay"
    />
    <div
      className="container"
    >
      <div
        className="row"
      >
        <div
          className="header_text col"
        >
          <h1
            className="display-3"
          >
            Free Stock Photos
          </h1>
          <p
            className="lead"
          >
            The internet's source of freely-usable images.
            <br />
            Powered by creators everywhere.
          </p>
        </div>
      </div>
    </div>
  </div>,
  <main />,
]
`;
