// Jest Snapshot v1, https://goo.gl/fbAQLP

exports[`LightBox renders correctly 1`] = `
<div
  onClick={[Function]}
/>
`;
